-------------------------------------------------------
Results after running 5 randomized test vectors
-------------------------------------------------------
Total Faults Detected: 33
Total Number of Faults: 40
Number of Tests: 5
Coverage: 0.8250
-------------------------------------------------------
-------------------------------------------------------
Results after running 6 randomized test vectors
-------------------------------------------------------
Total Faults Detected: 32
Total Number of Faults: 40
Number of Tests: 6
Coverage: 0.8000
-------------------------------------------------------
-------------------------------------------------------
Results after running 7 randomized test vectors
-------------------------------------------------------
Total Faults Detected: 28
Total Number of Faults: 40
Number of Tests: 7
Coverage: 0.7000
-------------------------------------------------------
-------------------------------------------------------
Results after running 8 randomized test vectors
-------------------------------------------------------
Total Faults Detected: 32
Total Number of Faults: 40
Number of Tests: 8
Coverage: 0.8000
-------------------------------------------------------
-------------------------------------------------------
Results after running 9 randomized test vectors
-------------------------------------------------------
Total Faults Detected: 36
Total Number of Faults: 40
Number of Tests: 9
Coverage: 0.9000
-------------------------------------------------------
-------------------------------------------------------
Results after running 10 randomized test vectors
-------------------------------------------------------
Total Faults Detected: 38
Total Number of Faults: 40
Number of Tests: 10
Coverage: 0.9500
-------------------------------------------------------
-------------------------------------------------------
Results after running 11 randomized test vectors
-------------------------------------------------------
Total Faults Detected: 32
Total Number of Faults: 40
Number of Tests: 11
Coverage: 0.8000
-------------------------------------------------------
-------------------------------------------------------
Results after running 12 randomized test vectors
-------------------------------------------------------
Total Faults Detected: 36
Total Number of Faults: 40
Number of Tests: 12
Coverage: 0.9000
-------------------------------------------------------
-------------------------------------------------------
Results after running 13 randomized test vectors
-------------------------------------------------------
Total Faults Detected: 32
Total Number of Faults: 40
Number of Tests: 13
Coverage: 0.8000
-------------------------------------------------------
-------------------------------------------------------
Results after running 14 randomized test vectors
-------------------------------------------------------
Total Faults Detected: 36
Total Number of Faults: 40
Number of Tests: 14
Coverage: 0.9000
-------------------------------------------------------
-------------------------------------------------------
Results after running 15 randomized test vectors
-------------------------------------------------------
Total Faults Detected: 37
Total Number of Faults: 40
Number of Tests: 15
Coverage: 0.9250
-------------------------------------------------------
-------------------------------------------------------
Results after running 16 randomized test vectors
-------------------------------------------------------
Total Faults Detected: 36
Total Number of Faults: 40
Number of Tests: 16
Coverage: 0.9000
-------------------------------------------------------
-------------------------------------------------------
Results after running 17 randomized test vectors
-------------------------------------------------------
Total Faults Detected: 40
Total Number of Faults: 40
Number of Tests: 17
Coverage: 1.0000
-------------------------------------------------------
-------------------------------------------------------
Results after running 18 randomized test vectors
-------------------------------------------------------
Total Faults Detected: 38
Total Number of Faults: 40
Number of Tests: 18
Coverage: 0.9500
-------------------------------------------------------
-------------------------------------------------------
Results after running 19 randomized test vectors
-------------------------------------------------------
Total Faults Detected: 36
Total Number of Faults: 40
Number of Tests: 19
Coverage: 0.9000
-------------------------------------------------------
-------------------------------------------------------
Results after running 20 randomized test vectors
-------------------------------------------------------
Total Faults Detected: 37
Total Number of Faults: 40
Number of Tests: 20
Coverage: 0.9250
-------------------------------------------------------
-------------------------------------------------------
Results after running 21 randomized test vectors
-------------------------------------------------------
Total Faults Detected: 40
Total Number of Faults: 40
Number of Tests: 21
Coverage: 1.0000
-------------------------------------------------------
-------------------------------------------------------
Results after running 22 randomized test vectors
-------------------------------------------------------
Total Faults Detected: 38
Total Number of Faults: 40
Number of Tests: 22
Coverage: 0.9500
-------------------------------------------------------
-------------------------------------------------------
Results after running 23 randomized test vectors
-------------------------------------------------------
Total Faults Detected: 36
Total Number of Faults: 40
Number of Tests: 23
Coverage: 0.9000
-------------------------------------------------------
-------------------------------------------------------
Results after running 24 randomized test vectors
-------------------------------------------------------
Total Faults Detected: 36
Total Number of Faults: 40
Number of Tests: 24
Coverage: 0.9000
-------------------------------------------------------
-------------------------------------------------------
Results after running 25 randomized test vectors
-------------------------------------------------------
Total Faults Detected: 37
Total Number of Faults: 40
Number of Tests: 25
Coverage: 0.9250
-------------------------------------------------------
-------------------------------------------------------
Results after running 26 randomized test vectors
-------------------------------------------------------
Total Faults Detected: 38
Total Number of Faults: 40
Number of Tests: 26
Coverage: 0.9500
-------------------------------------------------------
-------------------------------------------------------
Results after running 27 randomized test vectors
-------------------------------------------------------
Total Faults Detected: 40
Total Number of Faults: 40
Number of Tests: 27
Coverage: 1.0000
-------------------------------------------------------
-------------------------------------------------------
Results after running 28 randomized test vectors
-------------------------------------------------------
Total Faults Detected: 38
Total Number of Faults: 40
Number of Tests: 28
Coverage: 0.9500
-------------------------------------------------------
-------------------------------------------------------
Results after running 29 randomized test vectors
-------------------------------------------------------
Total Faults Detected: 28
Total Number of Faults: 40
Number of Tests: 29
Coverage: 0.7000
-------------------------------------------------------
-------------------------------------------------------
Results after running 30 randomized test vectors
-------------------------------------------------------
Total Faults Detected: 39
Total Number of Faults: 40
Number of Tests: 30
Coverage: 0.9750
-------------------------------------------------------
-------------------------------------------------------
Results after running 31 randomized test vectors
-------------------------------------------------------
Total Faults Detected: 38
Total Number of Faults: 40
Number of Tests: 31
Coverage: 0.9500
-------------------------------------------------------
-------------------------------------------------------
Results after running 32 randomized test vectors
-------------------------------------------------------
Total Faults Detected: 35
Total Number of Faults: 40
Number of Tests: 32
Coverage: 0.8750
-------------------------------------------------------
-------------------------------------------------------
Results after running 33 randomized test vectors
-------------------------------------------------------
Total Faults Detected: 40
Total Number of Faults: 40
Number of Tests: 33
Coverage: 1.0000
-------------------------------------------------------
-------------------------------------------------------
Results after running 34 randomized test vectors
-------------------------------------------------------
Total Faults Detected: 40
Total Number of Faults: 40
Number of Tests: 34
Coverage: 1.0000
-------------------------------------------------------
-------------------------------------------------------
Results after running 35 randomized test vectors
-------------------------------------------------------
Total Faults Detected: 36
Total Number of Faults: 40
Number of Tests: 35
Coverage: 0.9000
-------------------------------------------------------
-------------------------------------------------------
Results after running 36 randomized test vectors
-------------------------------------------------------
Total Faults Detected: 40
Total Number of Faults: 40
Number of Tests: 36
Coverage: 1.0000
-------------------------------------------------------
-------------------------------------------------------
Results after running 37 randomized test vectors
-------------------------------------------------------
Total Faults Detected: 38
Total Number of Faults: 40
Number of Tests: 37
Coverage: 0.9500
-------------------------------------------------------
-------------------------------------------------------
Results after running 38 randomized test vectors
-------------------------------------------------------
Total Faults Detected: 40
Total Number of Faults: 40
Number of Tests: 38
Coverage: 1.0000
-------------------------------------------------------
-------------------------------------------------------
Results after running 39 randomized test vectors
-------------------------------------------------------
Total Faults Detected: 40
Total Number of Faults: 40
Number of Tests: 39
Coverage: 1.0000
-------------------------------------------------------
-------------------------------------------------------
Results after running 40 randomized test vectors
-------------------------------------------------------
Total Faults Detected: 40
Total Number of Faults: 40
Number of Tests: 40
Coverage: 1.0000
-------------------------------------------------------
-------------------------------------------------------
Results after running 41 randomized test vectors
-------------------------------------------------------
Total Faults Detected: 38
Total Number of Faults: 40
Number of Tests: 41
Coverage: 0.9500
-------------------------------------------------------
-------------------------------------------------------
Results after running 42 randomized test vectors
-------------------------------------------------------
Total Faults Detected: 39
Total Number of Faults: 40
Number of Tests: 42
Coverage: 0.9750
-------------------------------------------------------
-------------------------------------------------------
Results after running 43 randomized test vectors
-------------------------------------------------------
Total Faults Detected: 38
Total Number of Faults: 40
Number of Tests: 43
Coverage: 0.9500
-------------------------------------------------------
-------------------------------------------------------
Results after running 44 randomized test vectors
-------------------------------------------------------
Total Faults Detected: 39
Total Number of Faults: 40
Number of Tests: 44
Coverage: 0.9750
-------------------------------------------------------
-------------------------------------------------------
Results after running 45 randomized test vectors
-------------------------------------------------------
Total Faults Detected: 40
Total Number of Faults: 40
Number of Tests: 45
Coverage: 1.0000
-------------------------------------------------------
-------------------------------------------------------
Results after running 46 randomized test vectors
-------------------------------------------------------
Total Faults Detected: 39
Total Number of Faults: 40
Number of Tests: 46
Coverage: 0.9750
-------------------------------------------------------
-------------------------------------------------------
Results after running 47 randomized test vectors
-------------------------------------------------------
Total Faults Detected: 38
Total Number of Faults: 40
Number of Tests: 47
Coverage: 0.9500
-------------------------------------------------------
-------------------------------------------------------
Results after running 48 randomized test vectors
-------------------------------------------------------
Total Faults Detected: 39
Total Number of Faults: 40
Number of Tests: 48
Coverage: 0.9750
-------------------------------------------------------
-------------------------------------------------------
Results after running 49 randomized test vectors
-------------------------------------------------------
Total Faults Detected: 40
Total Number of Faults: 40
Number of Tests: 49
Coverage: 1.0000
-------------------------------------------------------
-------------------------------------------------------
Results after running 50 randomized test vectors
-------------------------------------------------------
Total Faults Detected: 38
Total Number of Faults: 40
Number of Tests: 50
Coverage: 0.9500
-------------------------------------------------------
