-------------------------------------------------------
Results after running 5 randomized test vectors
-------------------------------------------------------
Total Faults Detected: 213
Total Number of Faults: 404
Number of Tests: 5
Coverage: 0.5272
-------------------------------------------------------
-------------------------------------------------------
Results after running 6 randomized test vectors
-------------------------------------------------------
Total Faults Detected: 278
Total Number of Faults: 404
Number of Tests: 6
Coverage: 0.6881
-------------------------------------------------------
-------------------------------------------------------
Results after running 7 randomized test vectors
-------------------------------------------------------
Total Faults Detected: 243
Total Number of Faults: 404
Number of Tests: 7
Coverage: 0.6015
-------------------------------------------------------
-------------------------------------------------------
Results after running 8 randomized test vectors
-------------------------------------------------------
Total Faults Detected: 270
Total Number of Faults: 404
Number of Tests: 8
Coverage: 0.6683
-------------------------------------------------------
-------------------------------------------------------
Results after running 9 randomized test vectors
-------------------------------------------------------
Total Faults Detected: 241
Total Number of Faults: 404
Number of Tests: 9
Coverage: 0.5965
-------------------------------------------------------
-------------------------------------------------------
Results after running 10 randomized test vectors
-------------------------------------------------------
Total Faults Detected: 293
Total Number of Faults: 404
Number of Tests: 10
Coverage: 0.7252
-------------------------------------------------------
-------------------------------------------------------
Results after running 11 randomized test vectors
-------------------------------------------------------
Total Faults Detected: 283
Total Number of Faults: 404
Number of Tests: 11
Coverage: 0.7005
-------------------------------------------------------
-------------------------------------------------------
Results after running 12 randomized test vectors
-------------------------------------------------------
Total Faults Detected: 293
Total Number of Faults: 404
Number of Tests: 12
Coverage: 0.7252
-------------------------------------------------------
-------------------------------------------------------
Results after running 13 randomized test vectors
-------------------------------------------------------
Total Faults Detected: 304
Total Number of Faults: 404
Number of Tests: 13
Coverage: 0.7525
-------------------------------------------------------
-------------------------------------------------------
Results after running 14 randomized test vectors
-------------------------------------------------------
Total Faults Detected: 287
Total Number of Faults: 404
Number of Tests: 14
Coverage: 0.7104
-------------------------------------------------------
-------------------------------------------------------
Results after running 15 randomized test vectors
-------------------------------------------------------
Total Faults Detected: 341
Total Number of Faults: 404
Number of Tests: 15
Coverage: 0.8441
-------------------------------------------------------
-------------------------------------------------------
Results after running 16 randomized test vectors
-------------------------------------------------------
Total Faults Detected: 306
Total Number of Faults: 404
Number of Tests: 16
Coverage: 0.7574
-------------------------------------------------------
-------------------------------------------------------
Results after running 17 randomized test vectors
-------------------------------------------------------
Total Faults Detected: 298
Total Number of Faults: 404
Number of Tests: 17
Coverage: 0.7376
-------------------------------------------------------
-------------------------------------------------------
Results after running 18 randomized test vectors
-------------------------------------------------------
Total Faults Detected: 290
Total Number of Faults: 404
Number of Tests: 18
Coverage: 0.7178
-------------------------------------------------------
-------------------------------------------------------
Results after running 19 randomized test vectors
-------------------------------------------------------
Total Faults Detected: 343
Total Number of Faults: 404
Number of Tests: 19
Coverage: 0.8490
-------------------------------------------------------
-------------------------------------------------------
Results after running 20 randomized test vectors
-------------------------------------------------------
Total Faults Detected: 315
Total Number of Faults: 404
Number of Tests: 20
Coverage: 0.7797
-------------------------------------------------------
-------------------------------------------------------
Results after running 21 randomized test vectors
-------------------------------------------------------
Total Faults Detected: 318
Total Number of Faults: 404
Number of Tests: 21
Coverage: 0.7871
-------------------------------------------------------
-------------------------------------------------------
Results after running 22 randomized test vectors
-------------------------------------------------------
Total Faults Detected: 348
Total Number of Faults: 404
Number of Tests: 22
Coverage: 0.8614
-------------------------------------------------------
-------------------------------------------------------
Results after running 23 randomized test vectors
-------------------------------------------------------
Total Faults Detected: 341
Total Number of Faults: 404
Number of Tests: 23
Coverage: 0.8441
-------------------------------------------------------
-------------------------------------------------------
Results after running 24 randomized test vectors
-------------------------------------------------------
Total Faults Detected: 331
Total Number of Faults: 404
Number of Tests: 24
Coverage: 0.8193
-------------------------------------------------------
-------------------------------------------------------
Results after running 25 randomized test vectors
-------------------------------------------------------
Total Faults Detected: 304
Total Number of Faults: 404
Number of Tests: 25
Coverage: 0.7525
-------------------------------------------------------
-------------------------------------------------------
Results after running 26 randomized test vectors
-------------------------------------------------------
Total Faults Detected: 325
Total Number of Faults: 404
Number of Tests: 26
Coverage: 0.8045
-------------------------------------------------------
-------------------------------------------------------
Results after running 27 randomized test vectors
-------------------------------------------------------
Total Faults Detected: 340
Total Number of Faults: 404
Number of Tests: 27
Coverage: 0.8416
-------------------------------------------------------
-------------------------------------------------------
Results after running 28 randomized test vectors
-------------------------------------------------------
Total Faults Detected: 342
Total Number of Faults: 404
Number of Tests: 28
Coverage: 0.8465
-------------------------------------------------------
-------------------------------------------------------
Results after running 29 randomized test vectors
-------------------------------------------------------
Total Faults Detected: 319
Total Number of Faults: 404
Number of Tests: 29
Coverage: 0.7896
-------------------------------------------------------
-------------------------------------------------------
Results after running 30 randomized test vectors
-------------------------------------------------------
Total Faults Detected: 341
Total Number of Faults: 404
Number of Tests: 30
Coverage: 0.8441
-------------------------------------------------------
-------------------------------------------------------
Results after running 31 randomized test vectors
-------------------------------------------------------
Total Faults Detected: 355
Total Number of Faults: 404
Number of Tests: 31
Coverage: 0.8787
-------------------------------------------------------
-------------------------------------------------------
Results after running 32 randomized test vectors
-------------------------------------------------------
Total Faults Detected: 358
Total Number of Faults: 404
Number of Tests: 32
Coverage: 0.8861
-------------------------------------------------------
-------------------------------------------------------
Results after running 33 randomized test vectors
-------------------------------------------------------
Total Faults Detected: 351
Total Number of Faults: 404
Number of Tests: 33
Coverage: 0.8688
-------------------------------------------------------
-------------------------------------------------------
Results after running 34 randomized test vectors
-------------------------------------------------------
Total Faults Detected: 362
Total Number of Faults: 404
Number of Tests: 34
Coverage: 0.8960
-------------------------------------------------------
-------------------------------------------------------
Results after running 35 randomized test vectors
-------------------------------------------------------
Total Faults Detected: 319
Total Number of Faults: 404
Number of Tests: 35
Coverage: 0.7896
-------------------------------------------------------
-------------------------------------------------------
Results after running 36 randomized test vectors
-------------------------------------------------------
Total Faults Detected: 343
Total Number of Faults: 404
Number of Tests: 36
Coverage: 0.8490
-------------------------------------------------------
-------------------------------------------------------
Results after running 37 randomized test vectors
-------------------------------------------------------
Total Faults Detected: 345
Total Number of Faults: 404
Number of Tests: 37
Coverage: 0.8540
-------------------------------------------------------
-------------------------------------------------------
Results after running 38 randomized test vectors
-------------------------------------------------------
Total Faults Detected: 359
Total Number of Faults: 404
Number of Tests: 38
Coverage: 0.8886
-------------------------------------------------------
-------------------------------------------------------
Results after running 39 randomized test vectors
-------------------------------------------------------
Total Faults Detected: 363
Total Number of Faults: 404
Number of Tests: 39
Coverage: 0.8985
-------------------------------------------------------
-------------------------------------------------------
Results after running 40 randomized test vectors
-------------------------------------------------------
Total Faults Detected: 351
Total Number of Faults: 404
Number of Tests: 40
Coverage: 0.8688
-------------------------------------------------------
-------------------------------------------------------
Results after running 41 randomized test vectors
-------------------------------------------------------
Total Faults Detected: 345
Total Number of Faults: 404
Number of Tests: 41
Coverage: 0.8540
-------------------------------------------------------
-------------------------------------------------------
Results after running 42 randomized test vectors
-------------------------------------------------------
Total Faults Detected: 338
Total Number of Faults: 404
Number of Tests: 42
Coverage: 0.8366
-------------------------------------------------------
-------------------------------------------------------
Results after running 43 randomized test vectors
-------------------------------------------------------
Total Faults Detected: 375
Total Number of Faults: 404
Number of Tests: 43
Coverage: 0.9282
-------------------------------------------------------
-------------------------------------------------------
Results after running 44 randomized test vectors
-------------------------------------------------------
Total Faults Detected: 371
Total Number of Faults: 404
Number of Tests: 44
Coverage: 0.9183
-------------------------------------------------------
-------------------------------------------------------
Results after running 45 randomized test vectors
-------------------------------------------------------
Total Faults Detected: 373
Total Number of Faults: 404
Number of Tests: 45
Coverage: 0.9233
-------------------------------------------------------
-------------------------------------------------------
Results after running 46 randomized test vectors
-------------------------------------------------------
Total Faults Detected: 361
Total Number of Faults: 404
Number of Tests: 46
Coverage: 0.8936
-------------------------------------------------------
-------------------------------------------------------
Results after running 47 randomized test vectors
-------------------------------------------------------
Total Faults Detected: 342
Total Number of Faults: 404
Number of Tests: 47
Coverage: 0.8465
-------------------------------------------------------
-------------------------------------------------------
Results after running 48 randomized test vectors
-------------------------------------------------------
Total Faults Detected: 372
Total Number of Faults: 404
Number of Tests: 48
Coverage: 0.9208
-------------------------------------------------------
-------------------------------------------------------
Results after running 49 randomized test vectors
-------------------------------------------------------
Total Faults Detected: 369
Total Number of Faults: 404
Number of Tests: 49
Coverage: 0.9134
-------------------------------------------------------
-------------------------------------------------------
Results after running 50 randomized test vectors
-------------------------------------------------------
Total Faults Detected: 359
Total Number of Faults: 404
Number of Tests: 50
Coverage: 0.8886
-------------------------------------------------------
